<html>
<body>
<pre>
<h1>µVision Build Log</h1>
<h2>Tool Versions:</h2>
IDE-Version: ¶ÃVision V5.21.1.0
Copyright (C) 2016 ARM Ltd and ARM Germany GmbH. All rights reserved.
License Information: michong AutoBVT, Microsoft, LIC=32BQD-8BXC9-2LWCT-RUZYG-RQ769-3M0GJ
 
Tool Versions:
Toolchain:       MDK-ARM Plus  Version: 5.21a
Toolchain Path:  C:\Keil_v5\ARM\ARMCC\Bin
C Compiler:      Armcc.exe V5.06 update 3 (build 300)
Assembler:       Armasm.exe V5.06 update 3 (build 300)
Linker/Locator:  ArmLink.exe V5.06 update 3 (build 300)
Library Manager: ArmAr.exe V5.06 update 3 (build 300)
Hex Converter:   FromElf.exe V5.06 update 3 (build 300)
CPU DLL:         SARMCM3.DLL V5.21a
Dialog DLL:      DARMSTM.DLL V1.66.0.1
Target DLL:      STLink\ST-LINKIII-KEIL_SWO.dll V2.0.18.0
Dialog DLL:      TARMSTM.DLL V1.65.0.0
 
<h2>Project:</h2>
C:\Users\Administrator\Desktop\«∂»Î Ω µ—µ\STM32F103\Project\stm32.uvproj
Project File Date:  02/21/2017

<h2>Output:</h2>
*** Using Compiler 'V5.06 update 3 (build 300)', folder: 'C:\Keil_v5\ARM\ARMCC\Bin'
Build target 'Target 1'
compiling led.c...
..\User\inc\led.h(5): warning:  #1295-D: Deprecated declaration Led_init - give arg types
  void Led_init();
..\User\inc\led.h(6): warning:  #1295-D: Deprecated declaration LED_SS - give arg types
  void LED_SS();
..\User\inc\led.h(7): warning:  #1295-D: Deprecated declaration LED_LS - give arg types
  void LED_LS();
..\User\inc\led.h(10): warning:  #1295-D: Deprecated declaration LED_close - give arg types
  void LED_close();
..\User\inc\led.h(11): warning:  #1-D: last line of file ends without a newline
  #endif
..\User\inc\key.h(9): warning:  #1-D: last line of file ends without a newline
  #endif
..\User\src\led.c: 6 warnings, 0 errors
linking...
Program Size: Code=2156 RO-data=336 RW-data=4 ZI-data=1636  
FromELF: creating hex file...
".\Objects\stm32.axf" - 0 Error(s), 6 Warning(s).
Build Time Elapsed:  00:00:02
</pre>
</body>
</html>
